                                      1 ;--------------------------------------------------------
                                      2 ; File Created by SDCC : free open source ISO C Compiler
                                      3 ; Version 4.5.0 #15242 (Linux)
                                      4 ;--------------------------------------------------------
                                      5 	.module main
                                      6 	
                                      7 	.optsdcc -mmcs51 --model-small
                                      8 ;--------------------------------------------------------
                                      9 ; Public variables in this module
                                     10 ;--------------------------------------------------------
                                     11 	.globl _segTable
                                     12 	.globl _main
                                     13 	.globl _lcdControl
                                     14 	.globl _flowControl
                                     15 	.globl _syncDuty
                                     16 	.globl _timerInit
                                     17 	.globl _adjustDuty
                                     18 	.globl _timer0Callback
                                     19 	.globl _CY
                                     20 	.globl _AC
                                     21 	.globl _F0
                                     22 	.globl _RS1
                                     23 	.globl _RS0
                                     24 	.globl _OV
                                     25 	.globl _F1
                                     26 	.globl _P
                                     27 	.globl _PS
                                     28 	.globl _PT1
                                     29 	.globl _PX1
                                     30 	.globl _PT0
                                     31 	.globl _PX0
                                     32 	.globl _RD
                                     33 	.globl _WR
                                     34 	.globl _T1
                                     35 	.globl _T0
                                     36 	.globl _INT1
                                     37 	.globl _INT0
                                     38 	.globl _TXD
                                     39 	.globl _RXD
                                     40 	.globl _P3_7
                                     41 	.globl _P3_6
                                     42 	.globl _P3_5
                                     43 	.globl _P3_4
                                     44 	.globl _P3_3
                                     45 	.globl _P3_2
                                     46 	.globl _P3_1
                                     47 	.globl _P3_0
                                     48 	.globl _EA
                                     49 	.globl _ES
                                     50 	.globl _ET1
                                     51 	.globl _EX1
                                     52 	.globl _ET0
                                     53 	.globl _EX0
                                     54 	.globl _P2_7
                                     55 	.globl _P2_6
                                     56 	.globl _P2_5
                                     57 	.globl _P2_4
                                     58 	.globl _P2_3
                                     59 	.globl _P2_2
                                     60 	.globl _P2_1
                                     61 	.globl _P2_0
                                     62 	.globl _SM0
                                     63 	.globl _SM1
                                     64 	.globl _SM2
                                     65 	.globl _REN
                                     66 	.globl _TB8
                                     67 	.globl _RB8
                                     68 	.globl _TI
                                     69 	.globl _RI
                                     70 	.globl _P1_7
                                     71 	.globl _P1_6
                                     72 	.globl _P1_5
                                     73 	.globl _P1_4
                                     74 	.globl _P1_3
                                     75 	.globl _P1_2
                                     76 	.globl _P1_1
                                     77 	.globl _P1_0
                                     78 	.globl _TF1
                                     79 	.globl _TR1
                                     80 	.globl _TF0
                                     81 	.globl _TR0
                                     82 	.globl _IE1
                                     83 	.globl _IT1
                                     84 	.globl _IE0
                                     85 	.globl _IT0
                                     86 	.globl _P0_7
                                     87 	.globl _P0_6
                                     88 	.globl _P0_5
                                     89 	.globl _P0_4
                                     90 	.globl _P0_3
                                     91 	.globl _P0_2
                                     92 	.globl _P0_1
                                     93 	.globl _P0_0
                                     94 	.globl _B
                                     95 	.globl _ACC
                                     96 	.globl _PSW
                                     97 	.globl _IP
                                     98 	.globl _P3
                                     99 	.globl _IE
                                    100 	.globl _P2
                                    101 	.globl _SBUF
                                    102 	.globl _SCON
                                    103 	.globl _P1
                                    104 	.globl _TH1
                                    105 	.globl _TH0
                                    106 	.globl _TL1
                                    107 	.globl _TL0
                                    108 	.globl _TMOD
                                    109 	.globl _TCON
                                    110 	.globl _PCON
                                    111 	.globl _DPH
                                    112 	.globl _DPL
                                    113 	.globl _SP
                                    114 	.globl _P0
                                    115 	.globl _p0State0
                                    116 	.globl _nextDisplay
                                    117 	.globl _setFlowState
                                    118 	.globl _flowState
                                    119 	.globl _dutyState
                                    120 	.globl _adjustFastTickCount
                                    121 	.globl _adjustTickCount
                                    122 	.globl _tick10msCount
                                    123 	.globl _pwmCount
                                    124 	.globl _tick10ms
                                    125 	.globl _duty
                                    126 ;--------------------------------------------------------
                                    127 ; special function registers
                                    128 ;--------------------------------------------------------
                                    129 	.area RSEG    (ABS,DATA)
      000000                        130 	.org 0x0000
                           000080   131 _P0	=	0x0080
                           000081   132 _SP	=	0x0081
                           000082   133 _DPL	=	0x0082
                           000083   134 _DPH	=	0x0083
                           000087   135 _PCON	=	0x0087
                           000088   136 _TCON	=	0x0088
                           000089   137 _TMOD	=	0x0089
                           00008A   138 _TL0	=	0x008a
                           00008B   139 _TL1	=	0x008b
                           00008C   140 _TH0	=	0x008c
                           00008D   141 _TH1	=	0x008d
                           000090   142 _P1	=	0x0090
                           000098   143 _SCON	=	0x0098
                           000099   144 _SBUF	=	0x0099
                           0000A0   145 _P2	=	0x00a0
                           0000A8   146 _IE	=	0x00a8
                           0000B0   147 _P3	=	0x00b0
                           0000B8   148 _IP	=	0x00b8
                           0000D0   149 _PSW	=	0x00d0
                           0000E0   150 _ACC	=	0x00e0
                           0000F0   151 _B	=	0x00f0
                                    152 ;--------------------------------------------------------
                                    153 ; special function bits
                                    154 ;--------------------------------------------------------
                                    155 	.area RSEG    (ABS,DATA)
      000000                        156 	.org 0x0000
                           000080   157 _P0_0	=	0x0080
                           000081   158 _P0_1	=	0x0081
                           000082   159 _P0_2	=	0x0082
                           000083   160 _P0_3	=	0x0083
                           000084   161 _P0_4	=	0x0084
                           000085   162 _P0_5	=	0x0085
                           000086   163 _P0_6	=	0x0086
                           000087   164 _P0_7	=	0x0087
                           000088   165 _IT0	=	0x0088
                           000089   166 _IE0	=	0x0089
                           00008A   167 _IT1	=	0x008a
                           00008B   168 _IE1	=	0x008b
                           00008C   169 _TR0	=	0x008c
                           00008D   170 _TF0	=	0x008d
                           00008E   171 _TR1	=	0x008e
                           00008F   172 _TF1	=	0x008f
                           000090   173 _P1_0	=	0x0090
                           000091   174 _P1_1	=	0x0091
                           000092   175 _P1_2	=	0x0092
                           000093   176 _P1_3	=	0x0093
                           000094   177 _P1_4	=	0x0094
                           000095   178 _P1_5	=	0x0095
                           000096   179 _P1_6	=	0x0096
                           000097   180 _P1_7	=	0x0097
                           000098   181 _RI	=	0x0098
                           000099   182 _TI	=	0x0099
                           00009A   183 _RB8	=	0x009a
                           00009B   184 _TB8	=	0x009b
                           00009C   185 _REN	=	0x009c
                           00009D   186 _SM2	=	0x009d
                           00009E   187 _SM1	=	0x009e
                           00009F   188 _SM0	=	0x009f
                           0000A0   189 _P2_0	=	0x00a0
                           0000A1   190 _P2_1	=	0x00a1
                           0000A2   191 _P2_2	=	0x00a2
                           0000A3   192 _P2_3	=	0x00a3
                           0000A4   193 _P2_4	=	0x00a4
                           0000A5   194 _P2_5	=	0x00a5
                           0000A6   195 _P2_6	=	0x00a6
                           0000A7   196 _P2_7	=	0x00a7
                           0000A8   197 _EX0	=	0x00a8
                           0000A9   198 _ET0	=	0x00a9
                           0000AA   199 _EX1	=	0x00aa
                           0000AB   200 _ET1	=	0x00ab
                           0000AC   201 _ES	=	0x00ac
                           0000AF   202 _EA	=	0x00af
                           0000B0   203 _P3_0	=	0x00b0
                           0000B1   204 _P3_1	=	0x00b1
                           0000B2   205 _P3_2	=	0x00b2
                           0000B3   206 _P3_3	=	0x00b3
                           0000B4   207 _P3_4	=	0x00b4
                           0000B5   208 _P3_5	=	0x00b5
                           0000B6   209 _P3_6	=	0x00b6
                           0000B7   210 _P3_7	=	0x00b7
                           0000B0   211 _RXD	=	0x00b0
                           0000B1   212 _TXD	=	0x00b1
                           0000B2   213 _INT0	=	0x00b2
                           0000B3   214 _INT1	=	0x00b3
                           0000B4   215 _T0	=	0x00b4
                           0000B5   216 _T1	=	0x00b5
                           0000B6   217 _WR	=	0x00b6
                           0000B7   218 _RD	=	0x00b7
                           0000B8   219 _PX0	=	0x00b8
                           0000B9   220 _PT0	=	0x00b9
                           0000BA   221 _PX1	=	0x00ba
                           0000BB   222 _PT1	=	0x00bb
                           0000BC   223 _PS	=	0x00bc
                           0000D0   224 _P	=	0x00d0
                           0000D1   225 _F1	=	0x00d1
                           0000D2   226 _OV	=	0x00d2
                           0000D3   227 _RS0	=	0x00d3
                           0000D4   228 _RS1	=	0x00d4
                           0000D5   229 _F0	=	0x00d5
                           0000D6   230 _AC	=	0x00d6
                           0000D7   231 _CY	=	0x00d7
                                    232 ;--------------------------------------------------------
                                    233 ; overlayable register banks
                                    234 ;--------------------------------------------------------
                                    235 	.area REG_BANK_0	(REL,OVR,DATA)
      000000                        236 	.ds 8
                                    237 ;--------------------------------------------------------
                                    238 ; internal ram data
                                    239 ;--------------------------------------------------------
                                    240 	.area DSEG    (DATA)
      000000                        241 _duty::
      000000                        242 	.ds 1
      000001                        243 _tick10ms::
      000001                        244 	.ds 1
      000002                        245 _pwmCount::
      000002                        246 	.ds 1
      000003                        247 _tick10msCount::
      000003                        248 	.ds 2
      000005                        249 _adjustTickCount::
      000005                        250 	.ds 1
      000006                        251 _adjustFastTickCount::
      000006                        252 	.ds 1
      000007                        253 _dutyState::
      000007                        254 	.ds 2
      000009                        255 _flowState::
      000009                        256 	.ds 2
      00000B                        257 _setFlowState::
      00000B                        258 	.ds 2
      00000D                        259 _nextDisplay::
      00000D                        260 	.ds 1
      00000E                        261 _p0State0::
      00000E                        262 	.ds 2
                                    263 ;--------------------------------------------------------
                                    264 ; overlayable items in internal ram
                                    265 ;--------------------------------------------------------
                                    266 ;--------------------------------------------------------
                                    267 ; Stack segment in internal ram
                                    268 ;--------------------------------------------------------
                                    269 	.area SSEG
      000000                        270 __start__stack:
      000000                        271 	.ds	1
                                    272 
                                    273 ;--------------------------------------------------------
                                    274 ; indirectly addressable internal ram data
                                    275 ;--------------------------------------------------------
                                    276 	.area ISEG    (DATA)
                                    277 ;--------------------------------------------------------
                                    278 ; absolute internal ram data
                                    279 ;--------------------------------------------------------
                                    280 	.area IABS    (ABS,DATA)
                                    281 	.area IABS    (ABS,DATA)
                                    282 ;--------------------------------------------------------
                                    283 ; bit data
                                    284 ;--------------------------------------------------------
                                    285 	.area BSEG    (BIT)
                                    286 ;--------------------------------------------------------
                                    287 ; paged external ram data
                                    288 ;--------------------------------------------------------
                                    289 	.area PSEG    (PAG,XDATA)
                                    290 ;--------------------------------------------------------
                                    291 ; uninitialized external ram data
                                    292 ;--------------------------------------------------------
                                    293 	.area XSEG    (XDATA)
                                    294 ;--------------------------------------------------------
                                    295 ; absolute external ram data
                                    296 ;--------------------------------------------------------
                                    297 	.area XABS    (ABS,XDATA)
                                    298 ;--------------------------------------------------------
                                    299 ; initialized external ram data
                                    300 ;--------------------------------------------------------
                                    301 	.area XISEG   (XDATA)
                                    302 	.area HOME    (CODE)
                                    303 	.area GSINIT0 (CODE)
                                    304 	.area GSINIT1 (CODE)
                                    305 	.area GSINIT2 (CODE)
                                    306 	.area GSINIT3 (CODE)
                                    307 	.area GSINIT4 (CODE)
                                    308 	.area GSINIT5 (CODE)
                                    309 	.area GSINIT  (CODE)
                                    310 	.area GSFINAL (CODE)
                                    311 	.area CSEG    (CODE)
                                    312 ;--------------------------------------------------------
                                    313 ; interrupt vector
                                    314 ;--------------------------------------------------------
                                    315 	.area HOME    (CODE)
      000000                        316 __interrupt_vect:
      000000 02r00r00         [24]  317 	ljmp	__sdcc_gsinit_startup
      000003 32               [24]  318 	reti
      000004                        319 	.ds	7
      00000B 02r00r00         [24]  320 	ljmp	_timer0Callback
                                    321 ; restartable atomic support routines
      00000E                        322 	.ds	2
      000010                        323 sdcc_atomic_exchange_rollback_start::
      000010 00               [12]  324 	nop
      000011 00               [12]  325 	nop
      000012                        326 sdcc_atomic_exchange_pdata_impl:
      000012 E2               [24]  327 	movx	a, @r0
      000013 FB               [12]  328 	mov	r3, a
      000014 EA               [12]  329 	mov	a, r2
      000015 F2               [24]  330 	movx	@r0, a
      000016 80 2C            [24]  331 	sjmp	sdcc_atomic_exchange_exit
      000018 00               [12]  332 	nop
      000019 00               [12]  333 	nop
      00001A                        334 sdcc_atomic_exchange_xdata_impl:
      00001A E0               [24]  335 	movx	a, @dptr
      00001B FB               [12]  336 	mov	r3, a
      00001C EA               [12]  337 	mov	a, r2
      00001D F0               [24]  338 	movx	@dptr, a
      00001E 80 24            [24]  339 	sjmp	sdcc_atomic_exchange_exit
      000020                        340 sdcc_atomic_compare_exchange_idata_impl:
      000020 E6               [12]  341 	mov	a, @r0
      000021 B5 02 02         [24]  342 	cjne	a, ar2, .+#5
      000024 EB               [12]  343 	mov	a, r3
      000025 F6               [12]  344 	mov	@r0, a
      000026 22               [24]  345 	ret
      000027 00               [12]  346 	nop
      000028                        347 sdcc_atomic_compare_exchange_pdata_impl:
      000028 E2               [24]  348 	movx	a, @r0
      000029 B5 02 02         [24]  349 	cjne	a, ar2, .+#5
      00002C EB               [12]  350 	mov	a, r3
      00002D F2               [24]  351 	movx	@r0, a
      00002E 22               [24]  352 	ret
      00002F 00               [12]  353 	nop
      000030                        354 sdcc_atomic_compare_exchange_xdata_impl:
      000030 E0               [24]  355 	movx	a, @dptr
      000031 B5 02 02         [24]  356 	cjne	a, ar2, .+#5
      000034 EB               [12]  357 	mov	a, r3
      000035 F0               [24]  358 	movx	@dptr, a
      000036 22               [24]  359 	ret
      000037                        360 sdcc_atomic_exchange_rollback_end::
                                    361 
      000037                        362 sdcc_atomic_exchange_gptr_impl::
      000037 30 F6 E0         [24]  363 	jnb	b.6, sdcc_atomic_exchange_xdata_impl
      00003A A8 82            [24]  364 	mov	r0, dpl
      00003C 20 F5 D3         [24]  365 	jb	b.5, sdcc_atomic_exchange_pdata_impl
      00003F                        366 sdcc_atomic_exchange_idata_impl:
      00003F EA               [12]  367 	mov	a, r2
      000040 C6               [12]  368 	xch	a, @r0
      000041 F5 82            [12]  369 	mov	dpl, a
      000043 22               [24]  370 	ret
      000044                        371 sdcc_atomic_exchange_exit:
      000044 8B 82            [24]  372 	mov	dpl, r3
      000046 22               [24]  373 	ret
      000047                        374 sdcc_atomic_compare_exchange_gptr_impl::
      000047 30 F6 E6         [24]  375 	jnb	b.6, sdcc_atomic_compare_exchange_xdata_impl
      00004A A8 82            [24]  376 	mov	r0, dpl
      00004C 20 F5 D9         [24]  377 	jb	b.5, sdcc_atomic_compare_exchange_pdata_impl
      00004F 80 CF            [24]  378 	sjmp	sdcc_atomic_compare_exchange_idata_impl
                                    379 ;--------------------------------------------------------
                                    380 ; global & static initialisations
                                    381 ;--------------------------------------------------------
                                    382 	.area HOME    (CODE)
                                    383 	.area GSINIT  (CODE)
                                    384 	.area GSFINAL (CODE)
                                    385 	.area GSINIT  (CODE)
                                    386 	.globl __sdcc_gsinit_startup
                                    387 	.globl __sdcc_program_startup
                                    388 	.globl __start__stack
                                    389 	.globl __mcs51_genXINIT
                                    390 	.globl __mcs51_genXRAMCLEAR
                                    391 	.globl __mcs51_genRAMCLEAR
                                    392 ;	main.c:31: volatile unsigned char duty = 50;
      000000 75*00 32         [24]  393 	mov	_duty,#0x32
                                    394 ;	main.c:33: volatile unsigned char tick10ms = 0;
      000003 75*01 00         [24]  395 	mov	_tick10ms,#0x00
                                    396 ;	main.c:35: unsigned char pwmCount = 0;
      000006 75*02 00         [24]  397 	mov	_pwmCount,#0x00
                                    398 ;	main.c:36: unsigned short tick10msCount = 0;
      000009 E4               [12]  399 	clr	a
      00000A F5*03            [12]  400 	mov	_tick10msCount,a
      00000C F5*04            [12]  401 	mov	(_tick10msCount + 1),a
                                    402 ;	main.c:50: unsigned char adjustTickCount = 0;
      00000E F5*05            [12]  403 	mov	_adjustTickCount,a
                                    404 ;	main.c:51: unsigned char adjustFastTickCount = 0;
      000010 F5*06            [12]  405 	mov	_adjustFastTickCount,a
                                    406 ;	main.c:118: unsigned short dutyState = 0;
      000012 F5*07            [12]  407 	mov	_dutyState,a
      000014 F5*08            [12]  408 	mov	(_dutyState + 1),a
                                    409 ;	main.c:119: unsigned short flowState = 0;
      000016 F5*09            [12]  410 	mov	_flowState,a
      000018 F5*0A            [12]  411 	mov	(_flowState + 1),a
                                    412 ;	main.c:120: unsigned short setFlowState = 0;
      00001A F5*0B            [12]  413 	mov	_setFlowState,a
      00001C F5*0C            [12]  414 	mov	(_setFlowState + 1),a
                                    415 ;	main.c:150: unsigned char nextDisplay = 0;
      00001E F5*0D            [12]  416 	mov	_nextDisplay,a
                                    417 ;	main.c:151: unsigned char p0State0[2] = {0};
      000020 F5*0E            [12]  418 	mov	_p0State0,a
                                    419 	.area GSFINAL (CODE)
      000000 02r00r51         [24]  420 	ljmp	__sdcc_program_startup
                                    421 ;--------------------------------------------------------
                                    422 ; Home
                                    423 ;--------------------------------------------------------
                                    424 	.area HOME    (CODE)
                                    425 	.area HOME    (CODE)
      000051                        426 __sdcc_program_startup:
      000051 02r02r21         [24]  427 	ljmp	_main
                                    428 ;	return from main will return to caller
                                    429 ;--------------------------------------------------------
                                    430 ; code
                                    431 ;--------------------------------------------------------
                                    432 	.area CSEG    (CODE)
                                    433 ;------------------------------------------------------------
                                    434 ;Allocation info for local variables in function 'timer0Callback'
                                    435 ;------------------------------------------------------------
                                    436 ;	main.c:37: void timer0Callback(void) __interrupt(1) {
                                    437 ;	-----------------------------------------
                                    438 ;	 function timer0Callback
                                    439 ;	-----------------------------------------
      000000                        440 _timer0Callback:
                           000007   441 	ar7 = 0x07
                           000006   442 	ar6 = 0x06
                           000005   443 	ar5 = 0x05
                           000004   444 	ar4 = 0x04
                           000003   445 	ar3 = 0x03
                           000002   446 	ar2 = 0x02
                           000001   447 	ar1 = 0x01
                           000000   448 	ar0 = 0x00
      000000 C0 E0            [24]  449 	push	acc
      000002 C0 D0            [24]  450 	push	psw
                                    451 ;	main.c:38: if (pwmCount < duty)
      000004 C3               [12]  452 	clr	c
      000005 E5*02            [12]  453 	mov	a,_pwmCount
      000007 95*00            [12]  454 	subb	a,_duty
      000009 50 04            [24]  455 	jnc	00102$
                                    456 ;	main.c:39: PWM_CTRL = 0;
                                    457 ;	assignBit
      00000B C2 A6            [12]  458 	clr	_P2_6
      00000D 80 02            [24]  459 	sjmp	00103$
      00000F                        460 00102$:
                                    461 ;	main.c:41: PWM_CTRL = 1;
                                    462 ;	assignBit
      00000F D2 A6            [12]  463 	setb	_P2_6
      000011                        464 00103$:
                                    465 ;	main.c:43: pwmCount++;
      000011 05*02            [12]  466 	inc	_pwmCount
                                    467 ;	main.c:44: if (pwmCount >= 100) {
      000013 74 9C            [12]  468 	mov	a,#0x100 - 0x64
      000015 25*02            [12]  469 	add	a,_pwmCount
      000017 50 06            [24]  470 	jnc	00106$
                                    471 ;	main.c:45: pwmCount = 0;
      000019 75*02 00         [24]  472 	mov	_pwmCount,#0x00
                                    473 ;	main.c:46: tick10ms = 1;
      00001C 75*01 01         [24]  474 	mov	_tick10ms,#0x01
      00001F                        475 00106$:
                                    476 ;	main.c:48: }
      00001F D0 D0            [24]  477 	pop	psw
      000021 D0 E0            [24]  478 	pop	acc
      000023 32               [24]  479 	reti
                                    480 ;	eliminated unneeded mov psw,# (no regs used in bank)
                                    481 ;	eliminated unneeded push/pop dpl
                                    482 ;	eliminated unneeded push/pop dph
                                    483 ;	eliminated unneeded push/pop b
                                    484 ;------------------------------------------------------------
                                    485 ;Allocation info for local variables in function 'adjustDuty'
                                    486 ;------------------------------------------------------------
                                    487 ;	main.c:52: void adjustDuty(void) {
                                    488 ;	-----------------------------------------
                                    489 ;	 function adjustDuty
                                    490 ;	-----------------------------------------
      000024                        491 _adjustDuty:
                                    492 ;	main.c:53: if (DOWN_BUTTON == DOWN_OK && UP_BUTTON != UP_OK) {
      000024 20 A4 44         [24]  493 	jb	_P2_4,00143$
      000027 30 A5 41         [24]  494 	jnb	_P2_5,00143$
                                    495 ;	main.c:54: if (DOWN_BUTTON == DOWN_OK) {
      00002A 20 A4 15         [24]  496 	jb	_P2_4,00108$
                                    497 ;	main.c:55: if (adjustTickCount == 0) {
      00002D E5*05            [12]  498 	mov	a,_adjustTickCount
      00002F 70 09            [24]  499 	jnz	00104$
                                    500 ;	main.c:56: if (duty > 0)
      000031 E5*00            [12]  501 	mov	a,_duty
      000033 60 05            [24]  502 	jz	00104$
                                    503 ;	main.c:57: duty--;
      000035 E5*00            [12]  504 	mov	a,_duty
      000037 14               [12]  505 	dec	a
      000038 F5*00            [12]  506 	mov	_duty,a
      00003A                        507 00104$:
                                    508 ;	main.c:59: if (adjustTickCount <= 100)
      00003A E5*05            [12]  509 	mov	a,_adjustTickCount
      00003C 24 9B            [12]  510 	add	a,#0xff - 0x64
      00003E 40 02            [24]  511 	jc	00108$
                                    512 ;	main.c:60: adjustTickCount++;
      000040 05*05            [12]  513 	inc	_adjustTickCount
      000042                        514 00108$:
                                    515 ;	main.c:63: if (DOWN_BUTTON != DOWN_OK && adjustTickCount > 0) {
      000042 30 A4 0A         [24]  516 	jnb	_P2_4,00110$
      000045 E5*05            [12]  517 	mov	a,_adjustTickCount
      000047 60 06            [24]  518 	jz	00110$
                                    519 ;	main.c:64: adjustTickCount = 0;
      000049 75*05 00         [24]  520 	mov	_adjustTickCount,#0x00
                                    521 ;	main.c:65: adjustFastTickCount = 0;
      00004C 75*06 00         [24]  522 	mov	_adjustFastTickCount,#0x00
      00004F                        523 00110$:
                                    524 ;	main.c:68: if (adjustTickCount > 100) {
      00004F E5*05            [12]  525 	mov	a,_adjustTickCount
      000051 24 9B            [12]  526 	add	a,#0xff - 0x64
      000053 40 01            [24]  527 	jc	00300$
      000055 22               [24]  528 	ret
      000056                        529 00300$:
                                    530 ;	main.c:69: adjustFastTickCount++;
      000056 05*06            [12]  531 	inc	_adjustFastTickCount
                                    532 ;	main.c:71: if (adjustFastTickCount > 10) {
      000058 E5*06            [12]  533 	mov	a,_adjustFastTickCount
      00005A 24 F5            [12]  534 	add	a,#0xff - 0x0a
      00005C 50 63            [24]  535 	jnc	00146$
                                    536 ;	main.c:72: adjustFastTickCount = 0;
      00005E 75*06 00         [24]  537 	mov	_adjustFastTickCount,#0x00
                                    538 ;	main.c:73: if (duty > 0)
      000061 E5*00            [12]  539 	mov	a,_duty
      000063 60 5C            [24]  540 	jz	00146$
                                    541 ;	main.c:74: duty--;
      000065 E5*00            [12]  542 	mov	a,_duty
      000067 14               [12]  543 	dec	a
      000068 F5*00            [12]  544 	mov	_duty,a
      00006A 22               [24]  545 	ret
      00006B                        546 00143$:
                                    547 ;	main.c:77: } else if (UP_BUTTON == UP_OK && DOWN_BUTTON != DOWN_OK) {
      00006B 20 A5 47         [24]  548 	jb	_P2_5,00139$
      00006E 30 A4 44         [24]  549 	jnb	_P2_4,00139$
                                    550 ;	main.c:78: if (UP_BUTTON == DOWN_OK) {
      000071 20 A5 17         [24]  551 	jb	_P2_5,00125$
                                    552 ;	main.c:79: if (adjustTickCount == 0) {
      000074 E5*05            [12]  553 	mov	a,_adjustTickCount
      000076 70 0B            [24]  554 	jnz	00121$
                                    555 ;	main.c:80: if (duty < 100)
      000078 74 9C            [12]  556 	mov	a,#0x100 - 0x64
      00007A 25*00            [12]  557 	add	a,_duty
      00007C 40 05            [24]  558 	jc	00121$
                                    559 ;	main.c:81: duty++;
      00007E E5*00            [12]  560 	mov	a,_duty
      000080 04               [12]  561 	inc	a
      000081 F5*00            [12]  562 	mov	_duty,a
      000083                        563 00121$:
                                    564 ;	main.c:83: if (adjustTickCount <= 100)
      000083 E5*05            [12]  565 	mov	a,_adjustTickCount
      000085 24 9B            [12]  566 	add	a,#0xff - 0x64
      000087 40 02            [24]  567 	jc	00125$
                                    568 ;	main.c:84: adjustTickCount++;
      000089 05*05            [12]  569 	inc	_adjustTickCount
      00008B                        570 00125$:
                                    571 ;	main.c:87: if (UP_BUTTON != DOWN_OK && adjustTickCount > 0) {
      00008B 30 A5 0A         [24]  572 	jnb	_P2_5,00127$
      00008E E5*05            [12]  573 	mov	a,_adjustTickCount
      000090 60 06            [24]  574 	jz	00127$
                                    575 ;	main.c:88: adjustTickCount = 0;
      000092 75*05 00         [24]  576 	mov	_adjustTickCount,#0x00
                                    577 ;	main.c:89: adjustFastTickCount = 0;
      000095 75*06 00         [24]  578 	mov	_adjustFastTickCount,#0x00
      000098                        579 00127$:
                                    580 ;	main.c:92: if (adjustTickCount > 100) {
      000098 E5*05            [12]  581 	mov	a,_adjustTickCount
      00009A 24 9B            [12]  582 	add	a,#0xff - 0x64
      00009C 50 23            [24]  583 	jnc	00146$
                                    584 ;	main.c:93: adjustFastTickCount++;
      00009E 05*06            [12]  585 	inc	_adjustFastTickCount
                                    586 ;	main.c:95: if (adjustFastTickCount > 10) {
      0000A0 E5*06            [12]  587 	mov	a,_adjustFastTickCount
      0000A2 24 F5            [12]  588 	add	a,#0xff - 0x0a
      0000A4 50 1B            [24]  589 	jnc	00146$
                                    590 ;	main.c:96: adjustFastTickCount = 0;
      0000A6 75*06 00         [24]  591 	mov	_adjustFastTickCount,#0x00
                                    592 ;	main.c:97: if (duty < 100)
      0000A9 74 9C            [12]  593 	mov	a,#0x100 - 0x64
      0000AB 25*00            [12]  594 	add	a,_duty
      0000AD 40 12            [24]  595 	jc	00146$
                                    596 ;	main.c:98: duty++;
      0000AF E5*00            [12]  597 	mov	a,_duty
      0000B1 04               [12]  598 	inc	a
      0000B2 F5*00            [12]  599 	mov	_duty,a
      0000B4 22               [24]  600 	ret
      0000B5                        601 00139$:
                                    602 ;	main.c:101: } else if (DOWN_BUTTON != DOWN_OK && UP_BUTTON != UP_OK)
      0000B5 30 A4 09         [24]  603 	jnb	_P2_4,00146$
      0000B8 30 A5 06         [24]  604 	jnb	_P2_5,00146$
                                    605 ;	main.c:102: adjustTickCount = adjustFastTickCount = 0;
      0000BB 75*06 00         [24]  606 	mov	_adjustFastTickCount,#0x00
      0000BE 75*05 00         [24]  607 	mov	_adjustTickCount,#0x00
      0000C1                        608 00146$:
                                    609 ;	main.c:103: }
      0000C1 22               [24]  610 	ret
                                    611 ;------------------------------------------------------------
                                    612 ;Allocation info for local variables in function 'timerInit'
                                    613 ;------------------------------------------------------------
                                    614 ;	main.c:105: void timerInit(void) {
                                    615 ;	-----------------------------------------
                                    616 ;	 function timerInit
                                    617 ;	-----------------------------------------
      0000C2                        618 _timerInit:
                                    619 ;	main.c:106: TMOD = 0x02;
      0000C2 75 89 02         [24]  620 	mov	_TMOD,#0x02
                                    621 ;	main.c:109: TH0 = 0xec;
      0000C5 75 8C EC         [24]  622 	mov	_TH0,#0xec
                                    623 ;	main.c:110: TL0 = 0xec;
      0000C8 75 8A EC         [24]  624 	mov	_TL0,#0xec
                                    625 ;	main.c:112: ET0 = 1;
                                    626 ;	assignBit
      0000CB D2 A9            [12]  627 	setb	_ET0
                                    628 ;	main.c:113: EA = 1;
                                    629 ;	assignBit
      0000CD D2 AF            [12]  630 	setb	_EA
                                    631 ;	main.c:114: TR0 = 1;
                                    632 ;	assignBit
      0000CF D2 8C            [12]  633 	setb	_TR0
                                    634 ;	main.c:115: }
      0000D1 22               [24]  635 	ret
                                    636 ;------------------------------------------------------------
                                    637 ;Allocation info for local variables in function 'syncDuty'
                                    638 ;------------------------------------------------------------
                                    639 ;i             Allocated to registers r7 
                                    640 ;------------------------------------------------------------
                                    641 ;	main.c:121: void syncDuty(void) {
                                    642 ;	-----------------------------------------
                                    643 ;	 function syncDuty
                                    644 ;	-----------------------------------------
      0000D2                        645 _syncDuty:
                                    646 ;	main.c:122: dutyState = 0;
      0000D2 E4               [12]  647 	clr	a
      0000D3 F5*07            [12]  648 	mov	_dutyState,a
      0000D5 F5*08            [12]  649 	mov	(_dutyState + 1),a
                                    650 ;	main.c:123: for (unsigned char i = 0; i < 10; i++) {
      0000D7 FF               [12]  651 	mov	r7,a
      0000D8                        652 00105$:
      0000D8 BF 0A 00         [24]  653 	cjne	r7,#0x0a,00128$
      0000DB                        654 00128$:
      0000DB 50 52            [24]  655 	jnc	00107$
                                    656 ;	main.c:124: if (duty >= ((i + 1) * 10))
      0000DD 8F 05            [24]  657 	mov	ar5,r7
      0000DF 7E 00            [12]  658 	mov	r6,#0x00
      0000E1 74 01            [12]  659 	mov	a,#0x01
      0000E3 2D               [12]  660 	add	a, r5
      0000E4 F5*00            [12]  661 	mov	__mulint_PARM_2,a
      0000E6 E4               [12]  662 	clr	a
      0000E7 3E               [12]  663 	addc	a, r6
      0000E8 F5*01            [12]  664 	mov	(__mulint_PARM_2 + 1),a
      0000EA 90 00 0A         [24]  665 	mov	dptr,#0x000a
      0000ED C0 07            [24]  666 	push	ar7
      0000EF 12r00r00         [24]  667 	lcall	__mulint
      0000F2 AD 82            [24]  668 	mov	r5, dpl
      0000F4 AE 83            [24]  669 	mov	r6, dph
      0000F6 D0 07            [24]  670 	pop	ar7
      0000F8 AB*00            [24]  671 	mov	r3,_duty
      0000FA 7C 00            [12]  672 	mov	r4,#0x00
      0000FC C3               [12]  673 	clr	c
      0000FD EB               [12]  674 	mov	a,r3
      0000FE 9D               [12]  675 	subb	a,r5
      0000FF EC               [12]  676 	mov	a,r4
      000100 64 80            [12]  677 	xrl	a,#0x80
      000102 8E F0            [24]  678 	mov	b,r6
      000104 63 F0 80         [24]  679 	xrl	b,#0x80
      000107 95 F0            [12]  680 	subb	a,b
      000109 40 21            [24]  681 	jc	00106$
                                    682 ;	main.c:125: dutyState |= (1U << i);
      00010B 8F F0            [24]  683 	mov	b,r7
      00010D 05 F0            [12]  684 	inc	b
      00010F 7D 01            [12]  685 	mov	r5,#0x01
      000111 7E 00            [12]  686 	mov	r6,#0x00
      000113 80 06            [24]  687 	sjmp	00132$
      000115                        688 00131$:
      000115 ED               [12]  689 	mov	a,r5
      000116 2D               [12]  690 	add	a,r5
      000117 FD               [12]  691 	mov	r5,a
      000118 EE               [12]  692 	mov	a,r6
      000119 33               [12]  693 	rlc	a
      00011A FE               [12]  694 	mov	r6,a
      00011B                        695 00132$:
      00011B D5 F0 F7         [24]  696 	djnz	b,00131$
      00011E AB*07            [24]  697 	mov	r3,_dutyState
      000120 AC*08            [24]  698 	mov	r4,(_dutyState + 1)
      000122 EB               [12]  699 	mov	a,r3
      000123 42 05            [12]  700 	orl	ar5,a
      000125 EC               [12]  701 	mov	a,r4
      000126 42 06            [12]  702 	orl	ar6,a
      000128 8D*07            [24]  703 	mov	_dutyState,r5
      00012A 8E*08            [24]  704 	mov	(_dutyState + 1),r6
      00012C                        705 00106$:
                                    706 ;	main.c:123: for (unsigned char i = 0; i < 10; i++) {
      00012C 0F               [12]  707 	inc	r7
      00012D 80 A9            [24]  708 	sjmp	00105$
      00012F                        709 00107$:
                                    710 ;	main.c:127: }
      00012F 22               [24]  711 	ret
                                    712 ;------------------------------------------------------------
                                    713 ;Allocation info for local variables in function 'flowControl'
                                    714 ;------------------------------------------------------------
                                    715 ;	main.c:128: void flowControl(void) {
                                    716 ;	-----------------------------------------
                                    717 ;	 function flowControl
                                    718 ;	-----------------------------------------
      000130                        719 _flowControl:
                                    720 ;	main.c:129: flowState = (flowState << 1) | 1;
      000130 E5*09            [12]  721 	mov	a,_flowState
      000132 25*09            [12]  722 	add	a,_flowState
      000134 FE               [12]  723 	mov	r6,a
      000135 E5*0A            [12]  724 	mov	a,(_flowState + 1)
      000137 33               [12]  725 	rlc	a
      000138 FF               [12]  726 	mov	r7,a
      000139 43 06 01         [24]  727 	orl	ar6,#0x01
      00013C 8E*09            [24]  728 	mov	_flowState,r6
      00013E 8F*0A            [24]  729 	mov	(_flowState + 1),r7
                                    730 ;	main.c:130: if (flowState >= ((dutyState << 1) | 1))
      000140 E5*07            [12]  731 	mov	a,_dutyState
      000142 25*07            [12]  732 	add	a,_dutyState
      000144 FE               [12]  733 	mov	r6,a
      000145 E5*08            [12]  734 	mov	a,(_dutyState + 1)
      000147 33               [12]  735 	rlc	a
      000148 FF               [12]  736 	mov	r7,a
      000149 43 06 01         [24]  737 	orl	ar6,#0x01
      00014C AC*09            [24]  738 	mov	r4,_flowState
      00014E AD*0A            [24]  739 	mov	r5,(_flowState + 1)
      000150 C3               [12]  740 	clr	c
      000151 EC               [12]  741 	mov	a,r4
      000152 9E               [12]  742 	subb	a,r6
      000153 ED               [12]  743 	mov	a,r5
      000154 9F               [12]  744 	subb	a,r7
      000155 40 05            [24]  745 	jc	00102$
                                    746 ;	main.c:131: flowState = 0;
      000157 E4               [12]  747 	clr	a
      000158 F5*09            [12]  748 	mov	_flowState,a
      00015A F5*0A            [12]  749 	mov	(_flowState + 1),a
      00015C                        750 00102$:
                                    751 ;	main.c:133: setFlowState = flowState & dutyState;
      00015C E5*07            [12]  752 	mov	a,_dutyState
      00015E 55*09            [12]  753 	anl	a,_flowState
      000160 F5*0B            [12]  754 	mov	_setFlowState,a
      000162 E5*08            [12]  755 	mov	a,(_dutyState + 1)
      000164 55*0A            [12]  756 	anl	a,(_flowState + 1)
      000166 F5*0C            [12]  757 	mov	(_setFlowState + 1),a
                                    758 ;	main.c:135: FLOW_1 = (setFlowState >> 0) & 1;
      000168 E5*0B            [12]  759 	mov	a,_setFlowState
      00016A 54 01            [12]  760 	anl	a,#0x01
                                    761 ;	assignBit
      00016C 24 FF            [12]  762 	add	a,#0xff
      00016E 92 A3            [24]  763 	mov	_P2_3,c
                                    764 ;	main.c:136: FLOW_2 = (setFlowState >> 1) & 1;
      000170 E5*0B            [12]  765 	mov	a,_setFlowState
      000172 03               [12]  766 	rr	a
      000173 54 01            [12]  767 	anl	a,#0x01
                                    768 ;	assignBit
      000175 24 FF            [12]  769 	add	a,#0xff
      000177 92 A2            [24]  770 	mov	_P2_2,c
                                    771 ;	main.c:137: FLOW_3 = (setFlowState >> 2) & 1;
      000179 E5*0B            [12]  772 	mov	a,_setFlowState
      00017B 03               [12]  773 	rr	a
      00017C 03               [12]  774 	rr	a
      00017D 54 01            [12]  775 	anl	a,#0x01
                                    776 ;	assignBit
      00017F 24 FF            [12]  777 	add	a,#0xff
      000181 92 A1            [24]  778 	mov	_P2_1,c
                                    779 ;	main.c:138: FLOW_4 = (setFlowState >> 3) & 1;
      000183 E5*0B            [12]  780 	mov	a,_setFlowState
      000185 A2 E3            [12]  781 	mov	c,acc.3
      000187 E4               [12]  782 	clr	a
      000188 33               [12]  783 	rlc	a
                                    784 ;	assignBit
      000189 24 FF            [12]  785 	add	a,#0xff
      00018B 92 A0            [24]  786 	mov	_P2_0,c
                                    787 ;	main.c:139: FLOW_5 = (setFlowState >> 4) & 1;
      00018D E5*0B            [12]  788 	mov	a,_setFlowState
      00018F C4               [12]  789 	swap	a
      000190 54 01            [12]  790 	anl	a,#0x01
                                    791 ;	assignBit
      000192 24 FF            [12]  792 	add	a,#0xff
      000194 92 97            [24]  793 	mov	_P1_7,c
                                    794 ;	main.c:140: FLOW_6 = (setFlowState >> 5) & 1;
      000196 E5*0B            [12]  795 	mov	a,_setFlowState
      000198 A2 E5            [12]  796 	mov	c,acc.5
      00019A E4               [12]  797 	clr	a
      00019B 33               [12]  798 	rlc	a
                                    799 ;	assignBit
      00019C 24 FF            [12]  800 	add	a,#0xff
      00019E 92 96            [24]  801 	mov	_P1_6,c
                                    802 ;	main.c:141: FLOW_7 = (setFlowState >> 6) & 1;
      0001A0 E5*0B            [12]  803 	mov	a,_setFlowState
      0001A2 23               [12]  804 	rl	a
      0001A3 23               [12]  805 	rl	a
      0001A4 54 01            [12]  806 	anl	a,#0x01
                                    807 ;	assignBit
      0001A6 24 FF            [12]  808 	add	a,#0xff
      0001A8 92 95            [24]  809 	mov	_P1_5,c
                                    810 ;	main.c:142: FLOW_8 = (setFlowState >> 7) & 1;
      0001AA E5*0B            [12]  811 	mov	a,_setFlowState
      0001AC 23               [12]  812 	rl	a
      0001AD 54 01            [12]  813 	anl	a,#0x01
                                    814 ;	assignBit
      0001AF 24 FF            [12]  815 	add	a,#0xff
      0001B1 92 94            [24]  816 	mov	_P1_4,c
                                    817 ;	main.c:143: FLOW_9 = (setFlowState >> 8) & 1;
      0001B3 E5*0C            [12]  818 	mov	a,(_setFlowState + 1)
      0001B5 54 01            [12]  819 	anl	a,#0x01
                                    820 ;	assignBit
      0001B7 24 FF            [12]  821 	add	a,#0xff
      0001B9 92 93            [24]  822 	mov	_P1_3,c
                                    823 ;	main.c:144: FLOW_10 = (setFlowState >> 9) & 1;
      0001BB E5*0C            [12]  824 	mov	a,(_setFlowState + 1)
      0001BD 03               [12]  825 	rr	a
      0001BE 54 01            [12]  826 	anl	a,#0x01
                                    827 ;	assignBit
      0001C0 24 FF            [12]  828 	add	a,#0xff
      0001C2 92 92            [24]  829 	mov	_P1_2,c
                                    830 ;	main.c:145: }
      0001C4 22               [24]  831 	ret
                                    832 ;------------------------------------------------------------
                                    833 ;Allocation info for local variables in function 'lcdControl'
                                    834 ;------------------------------------------------------------
                                    835 ;	main.c:152: void lcdControl(void) {
                                    836 ;	-----------------------------------------
                                    837 ;	 function lcdControl
                                    838 ;	-----------------------------------------
      0001C5                        839 _lcdControl:
                                    840 ;	main.c:153: if (DOWN_BUTTON == DOWN_OK || UP_BUTTON == UP_OK) {
      0001C5 30 A4 03         [24]  841 	jnb	_P2_4,00101$
      0001C8 20 A5 1C         [24]  842 	jb	_P2_5,00102$
      0001CB                        843 00101$:
                                    844 ;	main.c:154: p0State0[0] = segTable[duty / 10];
      0001CB AF*00            [24]  845 	mov	r7,_duty
      0001CD 75 F0 0A         [24]  846 	mov	b,#0x0a
      0001D0 EF               [12]  847 	mov	a,r7
      0001D1 84               [48]  848 	div	ab
      0001D2 90r00r00         [24]  849 	mov	dptr,#_segTable
      0001D5 93               [24]  850 	movc	a,@a+dptr
      0001D6 F5*0E            [12]  851 	mov	_p0State0, a
                                    852 ;	main.c:155: p0State0[1] = segTable[duty % 10];
      0001D8 AF*00            [24]  853 	mov	r7,_duty
      0001DA 75 F0 0A         [24]  854 	mov	b,#0x0a
      0001DD EF               [12]  855 	mov	a,r7
      0001DE 84               [48]  856 	div	ab
      0001DF E5 F0            [12]  857 	mov	a,b
      0001E1 90r00r00         [24]  858 	mov	dptr,#_segTable
      0001E4 93               [24]  859 	movc	a,@a+dptr
      0001E5 F5*0F            [12]  860 	mov	(_p0State0 + 0x0001), a
      0001E7                        861 00102$:
                                    862 ;	main.c:158: if (duty == 0) {
      0001E7 E5*00            [12]  863 	mov	a,_duty
      0001E9 70 0C            [24]  864 	jnz	00111$
                                    865 ;	main.c:159: LED_G1 = 0;
                                    866 ;	assignBit
      0001EB C2 A7            [12]  867 	clr	_P2_7
                                    868 ;	main.c:160: LED_G2 = 1;
                                    869 ;	assignBit
      0001ED D2 B2            [12]  870 	setb	_P3_2
                                    871 ;	main.c:161: P0 = segTable[0];
      0001EF 90r00r00         [24]  872 	mov	dptr,#_segTable
      0001F2 E4               [12]  873 	clr	a
      0001F3 93               [24]  874 	movc	a,@a+dptr
      0001F4 F5 80            [12]  875 	mov	_P0,a
      0001F6 22               [24]  876 	ret
      0001F7                        877 00111$:
                                    878 ;	main.c:162: } else if (duty == 100) {
      0001F7 74 64            [12]  879 	mov	a,#0x64
      0001F9 B5*00 08         [24]  880 	cjne	a,_duty,00108$
                                    881 ;	main.c:163: LED_G1 = 1;
                                    882 ;	assignBit
      0001FC D2 A7            [12]  883 	setb	_P2_7
                                    884 ;	main.c:164: LED_G2 = 1;
                                    885 ;	assignBit
      0001FE D2 B2            [12]  886 	setb	_P3_2
                                    887 ;	main.c:165: P0 = 0xbf;
      000200 75 80 BF         [24]  888 	mov	_P0,#0xbf
      000203 22               [24]  889 	ret
      000204                        890 00108$:
                                    891 ;	main.c:167: LED_G1 = 0;
                                    892 ;	assignBit
      000204 C2 A7            [12]  893 	clr	_P2_7
                                    894 ;	main.c:168: LED_G2 = 0;
                                    895 ;	assignBit
      000206 C2 B2            [12]  896 	clr	_P3_2
                                    897 ;	main.c:169: P0 = 0;
      000208 75 80 00         [24]  898 	mov	_P0,#0x00
                                    899 ;	main.c:171: if (nextDisplay == 0) {
      00020B E5*0D            [12]  900 	mov	a,_nextDisplay
      00020D 70 09            [24]  901 	jnz	00105$
                                    902 ;	main.c:172: P0 = p0State0[0];
      00020F 85*0E 80         [24]  903 	mov	_P0,_p0State0
                                    904 ;	main.c:173: LED_G1 = 1;
                                    905 ;	assignBit
      000212 D2 A7            [12]  906 	setb	_P2_7
                                    907 ;	main.c:174: nextDisplay = 1;
      000214 75*0D 01         [24]  908 	mov	_nextDisplay,#0x01
      000217 22               [24]  909 	ret
      000218                        910 00105$:
                                    911 ;	main.c:176: P0 = p0State0[1];
      000218 85*0F 80         [24]  912 	mov	_P0,(_p0State0 + 0x0001)
                                    913 ;	main.c:177: LED_G2 = 1;
                                    914 ;	assignBit
      00021B D2 B2            [12]  915 	setb	_P3_2
                                    916 ;	main.c:178: nextDisplay = 0;
      00021D 75*0D 00         [24]  917 	mov	_nextDisplay,#0x00
                                    918 ;	main.c:181: }
      000220 22               [24]  919 	ret
                                    920 ;------------------------------------------------------------
                                    921 ;Allocation info for local variables in function 'main'
                                    922 ;------------------------------------------------------------
                                    923 ;flowTimer     Allocated to registers r7 
                                    924 ;syncDutyTimer Allocated to registers r6 
                                    925 ;------------------------------------------------------------
                                    926 ;	main.c:183: void main(void) {
                                    927 ;	-----------------------------------------
                                    928 ;	 function main
                                    929 ;	-----------------------------------------
      000221                        930 _main:
                                    931 ;	main.c:185: p0State0[0] = segTable[duty / 10];
      000221 AF*00            [24]  932 	mov	r7,_duty
      000223 75 F0 0A         [24]  933 	mov	b,#0x0a
      000226 EF               [12]  934 	mov	a,r7
      000227 84               [48]  935 	div	ab
      000228 90r00r00         [24]  936 	mov	dptr,#_segTable
      00022B 93               [24]  937 	movc	a,@a+dptr
      00022C F5*0E            [12]  938 	mov	_p0State0, a
                                    939 ;	main.c:186: p0State0[1] = segTable[duty % 10];
      00022E AF*00            [24]  940 	mov	r7,_duty
      000230 75 F0 0A         [24]  941 	mov	b,#0x0a
      000233 EF               [12]  942 	mov	a,r7
      000234 84               [48]  943 	div	ab
      000235 E5 F0            [12]  944 	mov	a,b
      000237 90r00r00         [24]  945 	mov	dptr,#_segTable
      00023A 93               [24]  946 	movc	a,@a+dptr
      00023B F5*0F            [12]  947 	mov	(_p0State0 + 0x0001), a
                                    948 ;	main.c:187: syncDuty();
      00023D 12r00rD2         [24]  949 	lcall	_syncDuty
                                    950 ;	main.c:189: unsigned char flowTimer = 0;
      000240 7F 00            [12]  951 	mov	r7,#0x00
                                    952 ;	main.c:190: unsigned char syncDutyTimer = 0;
      000242 7E 00            [12]  953 	mov	r6,#0x00
                                    954 ;	main.c:192: timerInit();
      000244 C0 07            [24]  955 	push	ar7
      000246 C0 06            [24]  956 	push	ar6
      000248 12r00rC2         [24]  957 	lcall	_timerInit
      00024B D0 06            [24]  958 	pop	ar6
      00024D D0 07            [24]  959 	pop	ar7
                                    960 ;	main.c:194: while (1) {
      00024F                        961 00111$:
                                    962 ;	main.c:195: if (tick10ms) {
      00024F E5*01            [12]  963 	mov	a,_tick10ms
      000251 60 FC            [24]  964 	jz	00111$
                                    965 ;	main.c:196: tick10ms = 0;
      000253 75*01 00         [24]  966 	mov	_tick10ms,#0x00
                                    967 ;	main.c:199: lcdControl();
      000256 C0 07            [24]  968 	push	ar7
      000258 C0 06            [24]  969 	push	ar6
      00025A 12r01rC5         [24]  970 	lcall	_lcdControl
                                    971 ;	main.c:201: adjustDuty();
      00025D 12r00r24         [24]  972 	lcall	_adjustDuty
      000260 D0 06            [24]  973 	pop	ar6
      000262 D0 07            [24]  974 	pop	ar7
                                    975 ;	main.c:204: flowTimer++;
      000264 0F               [12]  976 	inc	r7
                                    977 ;	main.c:205: if (flowTimer >= 10) {
      000265 BF 0A 00         [24]  978 	cjne	r7,#0x0a,00146$
      000268                        979 00146$:
      000268 40 0D            [24]  980 	jc	00102$
                                    981 ;	main.c:206: flowTimer = 0;
      00026A 7F 00            [12]  982 	mov	r7,#0x00
                                    983 ;	main.c:207: flowControl();
      00026C C0 07            [24]  984 	push	ar7
      00026E C0 06            [24]  985 	push	ar6
      000270 12r01r30         [24]  986 	lcall	_flowControl
      000273 D0 06            [24]  987 	pop	ar6
      000275 D0 07            [24]  988 	pop	ar7
      000277                        989 00102$:
                                    990 ;	main.c:211: syncDutyTimer++;
      000277 0E               [12]  991 	inc	r6
                                    992 ;	main.c:212: if (syncDutyTimer >= 100) {
      000278 BE 64 00         [24]  993 	cjne	r6,#0x64,00148$
      00027B                        994 00148$:
      00027B 40 D2            [24]  995 	jc	00111$
                                    996 ;	main.c:213: syncDutyTimer = 0;
      00027D 7E 00            [12]  997 	mov	r6,#0x00
                                    998 ;	main.c:214: if (DOWN_BUTTON == DOWN_OK || UP_BUTTON == UP_OK)
      00027F 30 A4 03         [24]  999 	jnb	_P2_4,00103$
      000282 20 A5 CA         [24] 1000 	jb	_P2_5,00111$
      000285                       1001 00103$:
                                   1002 ;	main.c:215: syncDuty();
      000285 C0 07            [24] 1003 	push	ar7
      000287 C0 06            [24] 1004 	push	ar6
      000289 12r00rD2         [24] 1005 	lcall	_syncDuty
      00028C D0 06            [24] 1006 	pop	ar6
      00028E D0 07            [24] 1007 	pop	ar7
                                   1008 ;	main.c:219: }
      000290 80 BD            [24] 1009 	sjmp	00111$
                                   1010 	.area CSEG    (CODE)
                                   1011 	.area CONST   (CODE)
                                   1012 	.area CONST   (CODE)
      000000                       1013 _segTable:
      000000 3F                    1014 	.db #0x3f	; 63
      000001 06                    1015 	.db #0x06	; 6
      000002 5B                    1016 	.db #0x5b	; 91
      000003 4F                    1017 	.db #0x4f	; 79	'O'
      000004 66                    1018 	.db #0x66	; 102	'f'
      000005 6D                    1019 	.db #0x6d	; 109	'm'
      000006 7D                    1020 	.db #0x7d	; 125
      000007 07                    1021 	.db #0x07	; 7
      000008 7F                    1022 	.db #0x7f	; 127
      000009 6F                    1023 	.db #0x6f	; 111	'o'
                                   1024 	.area CSEG    (CODE)
                                   1025 	.area XINIT   (CODE)
                                   1026 	.area CABS    (ABS,CODE)
